Traceback (most recent call last):
  File "/opt/data/anti-dox-webcam/webcam_player.py", line 230, in <module>
    main()
    ~~~~^^
  File "/opt/data/anti-dox-webcam/webcam_player.py", line 188, in main
    player = HermesWebcam(args.cam, args.width, args.height, args.fps,
                          args.model)
  File "/opt/data/anti-dox-webcam/webcam_player.py", line 116, in __init__
    self.landmarker = vision.FaceLandmarker.create_from_options(opts)
                      ~~~~~~~~~~~~~~~~~~~~~~~~~~~~~~~~~~~~~~~~~^^^^^^
  File "/opt/data/anti-dox-webcam/.venv/lib/python3.13/site-packages/mediapipe/tasks/python/vision/face_landmarker.py", line 3153, in create_from_options
    lib = mediapipe_c_bindings_lib.load_shared_library(_CTYPES_SIGNATURES)
  File "/opt/data/anti-dox-webcam/.venv/lib/python3.13/site-packages/mediapipe/tasks/python/core/mediapipe_c_bindings.py", line 86, in load_shared_library
    raw_lib = load_raw_library()
  File "/opt/data/anti-dox-webcam/.venv/lib/python3.13/site-packages/mediapipe/tasks/python/core/mediapipe_c_bindings.py", line 57, in load_raw_library
    _shared_lib = ctypes.CDLL(absolute_lib_path)
  File "/usr/lib/python3.13/ctypes/__init__.py", line 390, in __init__
    self._handle = _dlopen(self._name, mode)
                   ~~~~~~~^^^^^^^^^^^^^^^^^^
OSError: libEGL.so.1: cannot open shared object file: No such file or directory
